19
pipelines/AmpliconNoise//output_s60_c01_T220_s30_c08_0_55
pipelines/AmpliconNoise//output_s60_c01_T220_s30_c08_1_181
pipelines/AmpliconNoise//output_s60_c01_T220_s30_c08_2_14
pipelines/AmpliconNoise//output_s60_c01_T220_s30_c08_3_17
pipelines/AmpliconNoise//output_s60_c01_T220_s30_c08_4_14
pipelines/AmpliconNoise//output_s60_c01_T220_s30_c08_5_21
pipelines/AmpliconNoise//output_s60_c01_T220_s30_c08_6_329
pipelines/AmpliconNoise//output_s60_c01_T220_s30_c08_7_234
pipelines/AmpliconNoise//output_s60_c01_T220_s30_c08_8_31
pipelines/AmpliconNoise//output_s60_c01_T220_s30_c08_9_65
pipelines/AmpliconNoise//output_s60_c01_T220_s30_c08_10_1
pipelines/AmpliconNoise//output_s60_c01_T220_s30_c08_11_150
pipelines/AmpliconNoise//output_s60_c01_T220_s30_c08_12_141
pipelines/AmpliconNoise//output_s60_c01_T220_s30_c08_13_90
pipelines/AmpliconNoise//output_s60_c01_T220_s30_c08_14_223
pipelines/AmpliconNoise//output_s60_c01_T220_s30_c08_15_154
pipelines/AmpliconNoise//output_s60_c01_T220_s30_c08_16_150
pipelines/AmpliconNoise//output_s60_c01_T220_s30_c08_17_222
pipelines/AmpliconNoise//output_s60_c01_T220_s30_c08_18_2
0.00000000e+00
5.39215686e-02
5.39215686e-02
5.39215686e-02
5.39215686e-02
0.00000000e+00
5.39215686e-02
5.39215686e-02
0.00000000e+00
0.00000000e+00
5.39215686e-02
5.39215686e-02
0.00000000e+00
0.00000000e+00
0.00000000e+00
7.88177340e-02
7.88177340e-02
9.80392157e-02
9.80392157e-02
9.80392157e-02
9.80392157e-02
7.88177340e-02
7.88177340e-02
9.80392157e-02
9.80392157e-02
9.80392157e-02
9.80392157e-02
0.00000000e+00
1.16504854e-01
1.16504854e-01
1.22549020e-01
1.22549020e-01
1.22549020e-01
1.22549020e-01
1.27450980e-01
1.27450980e-01
1.16504854e-01
1.16504854e-01
1.22549020e-01
1.22549020e-01
1.22549020e-01
1.22549020e-01
1.27450980e-01
1.27450980e-01
0.00000000e+00
1.53465347e-01
1.53465347e-01
1.67487685e-01
1.67487685e-01
1.67487685e-01
1.67487685e-01
1.42156863e-01
1.42156863e-01
1.56097561e-01
1.56097561e-01
1.54228856e-01
1.54228856e-01
1.62561576e-01
1.62561576e-01
1.62561576e-01
1.62561576e-01
1.72413793e-01
1.72413793e-01
1.47783251e-01
1.47783251e-01
1.38613861e-01
1.54228856e-01
1.54228856e-01
1.62561576e-01
1.62561576e-01
1.62561576e-01
1.62561576e-01
1.72413793e-01
1.72413793e-01
1.47783251e-01
1.47783251e-01
1.38613861e-01
0.00000000e+00
1.54228856e-01
1.54228856e-01
1.62561576e-01
1.62561576e-01
1.62561576e-01
1.62561576e-01
1.72413793e-01
1.72413793e-01
1.47783251e-01
1.47783251e-01
1.38613861e-01
0.00000000e+00
0.00000000e+00
1.55000000e-01
1.55000000e-01
1.47783251e-01
1.47783251e-01
1.47783251e-01
1.47783251e-01
1.67487685e-01
1.67487685e-01
1.47783251e-01
1.47783251e-01
1.28712871e-01
1.47783251e-02
1.47783251e-02
1.47783251e-02
1.55000000e-01
1.55000000e-01
1.47783251e-01
1.47783251e-01
1.47783251e-01
1.47783251e-01
1.67487685e-01
1.67487685e-01
1.47783251e-01
1.47783251e-01
1.28712871e-01
1.47783251e-02
1.47783251e-02
1.47783251e-02
0.00000000e+00
1.49253731e-01
1.49253731e-01
1.57635468e-01
1.57635468e-01
1.57635468e-01
1.57635468e-01
1.67487685e-01
1.67487685e-01
1.42857143e-01
1.42857143e-01
1.33663366e-01
4.92610837e-03
4.92610837e-03
4.92610837e-03
9.85221675e-03
9.85221675e-03
1.49253731e-01
1.49253731e-01
1.57635468e-01
1.57635468e-01
1.57635468e-01
1.57635468e-01
1.67487685e-01
1.67487685e-01
1.42857143e-01
1.42857143e-01
1.33663366e-01
4.92610837e-03
4.92610837e-03
4.92610837e-03
9.85221675e-03
9.85221675e-03
0.00000000e+00
1.83168317e-01
1.83168317e-01
1.64179104e-01
1.64179104e-01
1.64179104e-01
1.64179104e-01
1.68316832e-01
1.68316832e-01
1.52709360e-01
1.52709360e-01
1.68316832e-01
5.39215686e-02
5.39215686e-02
5.39215686e-02
4.90196078e-02
4.90196078e-02
4.90196078e-02
4.90196078e-02
